<span class="myComponent"><span class="myTitle">Super Title</span><span class="myText">Awesome Text</span></span>
