<h1 class="_title_116zl_1 _heading_9dkf">Title</h1>
<p class="_profile_user_f93j">User article</p>
