<span class="myComponent MadTeaParty">
    <span class="myTitle MadTeaParty--march-title">Super Title</span>
    <span class="myText MadTeaParty--march-text">Awesome Text</span>
</span>
